============================= test session starts =============================
platform win32 -- Python 3.13.3, pytest-8.3.3, pluggy-1.6.0 -- C:\Users\diete\AppData\Local\Programs\Python\Python313\python.exe
cachedir: .pytest_cache
hypothesis profile 'default'
benchmark: 5.2.3 (defaults: timer=time.perf_counter disable_gc=False min_rounds=5 min_time=0.000005 max_time=1.0 calibration_precision=10 warmup=False warmup_iterations=100000)
PyQt6 6.9.1 -- Qt runtime 6.9.1 -- Qt compiled 6.9.0
rootdir: C:\Users\diete\Repositories\Maxwell-Daemon
configfile: pyproject.toml
plugins: anyio-4.10.0, hypothesis-6.148.7, asyncio-1.3.0, bdd-8.1.0, benchmark-5.2.3, cov-6.0.0, mock-3.15.1, qt-4.5.0, timeout-2.4.0, xdist-3.8.0, respx-0.23.1
asyncio: mode=Mode.AUTO, debug=False, asyncio_default_fixture_loop_scope=None, asyncio_default_test_loop_scope=function
collecting ... collected 1 item

tests/integration/test_end_to_end.py::TestEndToEnd::test_repo_override_routes_to_different_backend FAILED [100%]

================================== FAILURES ===================================
_________ TestEndToEnd.test_repo_override_routes_to_different_backend _________

self = <tests.integration.test_end_to_end.TestEndToEnd object at 0x000001E7864B11D0>
live_system = (<maxwell_daemon.daemon.runner.Daemon object at 0x000001E7867623C0>, <starlette.testclient.TestClient object at 0x000001E7873130E0>, <ProactorEventLoop running=False closed=False debug=False>)

    def test_repo_override_routes_to_different_backend(
        self, live_system: tuple[Daemon, TestClient, asyncio.AbstractEventLoop]
    ) -> None:
        _, client, loop = live_system
    
        r = client.post("/api/v1/tasks", json={"prompt": "hello there", "repo": "user/cheap-repo"})
        assert r.status_code == 202, r.json()
        _wait_for_completion(client, loop, r.json()["id"])
    
        cost = client.get("/api/v1/cost").json()
>       assert "local" in cost["by_backend"]
E       AssertionError: assert 'local' in {}

tests\integration\test_end_to_end.py:115: AssertionError
------------------------------ Captured log call ------------------------------
ERROR    maxwell_daemon.daemon:runner.py:1662 2026-04-25 00:36:40 [error    ] task 714894b15218 failed       task_id=714894b15218 worker_id=0\n\x1b[31m\u250c\u2500\x1b[0m\x1b[31m\u2500\u2500\u2500\u2500\u2500\u2500\u2500\u2500\u2500\u2500\u2500\u2500\u2500\u2500\u2500\u2500\u2500\u2500\u2500\u2500\u2500\u2500\u2500\u2500\u2500\u2500\u2500\u2500\u2500\u2500\x1b[0m\x1b[31m \x1b[0m\x1b[1;31mTraceback \x1b[0m\x1b[1;2;31m(most recent call last)\x1b[0m\x1b[31m \x1b[0m\x1b[31m\u2500\u2500\u2500\u2500\u2500\u2500\u2500\u2500\u2500\u2500\u2500\u2500\u2500\u2500\u2500\u2500\u2500\u2500\u2500\u2500\u2500\u2500\u2500\u2500\u2500\u2500\u2500\u2500\u2500\u2500\u2500\x1b[0m\x1b[31m\u2500\u2510\x1b[0m\n\x1b[31m\u2502\x1b[0m C:\\Users\\diete\\Repositories\\Maxwell-Daemon\\maxwell_daemon\\daemon\\runner.py:1588 in _execute      \x1b[31m\u2502\x1b[0m\n\x1b[31m\u2502\x1b[0m                                                                                                  \x1b[31m\u2502\x1b[0m\n\x1b[31m\u2502\x1b[0m   \x1b[2m1585 \x1b[0m\x1b[2m\u2502   \u2502   \u2502   \x1b[0m\x1b[94mif\x1b[0m task.repo:                                                                 \x1b[31m\u2502\x1b[0m\n\x1b[31m\u2502\x1b[0m   \x1b[2m1586 \x1b[0m\x1b[2m\u2502   \u2502   \u2502   \u2502   \x1b[0m\x1b[94mfrom\x1b[0m\x1b[90m \x1b[0m\x1b[4;96mmaxwell_daemon\x1b[0m\x1b[4;96m.\x1b[0m\x1b[4;96mgh\x1b[0m\x1b[4;96m.\x1b[0m\x1b[4;96mworkspace\x1b[0m\x1b[90m \x1b[0m\x1b[94mimport\x1b[0m Workspace                         \x1b[31m\u2502\x1b[0m\n\x1b[31m\u2502\x1b[0m   \x1b[2m1587 \x1b[0m\x1b[2m\u2502   \u2502   \u2502   \u2502   \x1b[0mws = \x1b[96mgetattr\x1b[0m(\x1b[96mself\x1b[0m, \x1b[33m"\x1b[0m\x1b[33m_workspace\x1b[0m\x1b[33m"\x1b[0m, \x1b[94mNone\x1b[0m) \x1b[95mor\x1b[0m Workspace(root=\x1b[96mself\x1b[0m._workspace  \x1b[31m\u2502\x1b[0m\n\x1b[31m\u2502\x1b[0m \x1b[31m> \x1b[0m1588 \x1b[2m\u2502   \u2502   \u2502   \u2502   \x1b[0mrepo_path = \x1b[94mawait\x1b[0m ws.ensure_clone(task.repo, task_id=task.id)             \x1b[31m\u2502\x1b[0m\n\x1b[31m\u2502\x1b[0m   \x1b[2m1589 \x1b[0m\x1b[2m\u2502   \u2502   \u2502   \u2502   \x1b[0m\x1b[94mfrom\x1b[0m\x1b[90m \x1b[0m\x1b[4;96mmaxwell_daemon\x1b[0m\x1b[4;96m.\x1b[0m\x1b[4;96mcore\x1b[0m\x1b[4;96m.\x1b[0m\x1b[4;96mrepo_overrides\x1b[0m\x1b[90m \x1b[0m\x1b[94mimport\x1b[0m RepoSchematic              \x1b[31m\u2502\x1b[0m\n\x1b[31m\u2502\x1b[0m   \x1b[2m1590 \x1b[0m\x1b[2m\u2502   \u2502   \u2502   \u2502   \x1b[0mschematic = RepoSchematic(task.repo, repo_path).generate()                \x1b[31m\u2502\x1b[0m\n\x1b[31m\u2502\x1b[0m   \x1b[2m1591 \x1b[0m\x1b[2m\u2502   \u2502   \u2502   \u2502   \x1b[0mprompt_content = \x1b[33mf\x1b[0m\x1b[33m"\x1b[0m\x1b[33m{\x1b[0mschematic\x1b[33m}\x1b[0m\x1b[33m\\n\x1b[0m\x1b[33m\\n\x1b[0m\x1b[33m{\x1b[0mprompt_content\x1b[33m}\x1b[0m\x1b[33m"\x1b[0m                       \x1b[31m\u2502\x1b[0m\n\x1b[31m\u2502\x1b[0m                                                                                                  \x1b[31m\u2502\x1b[0m\n\x1b[31m\u2502\x1b[0m \x1b[34m\u250c\u2500\x1b[0m\x1b[34m\u2500\u2500\u2500\u2500\u2500\u2500\u2500\u2500\u2500\u2500\u2500\u2500\u2500\u2500\u2500\u2500\u2500\u2500\u2500\u2500\u2500\u2500\u2500\u2500\u2500\u2500\u2500\u2500\u2500\u2500\u2500\u2500\u2500\u2500\u2500\u2500\u2500\u2500\u2500\u2500\u2500\u2500\x1b[0m\x1b[34m locals \x1b[0m\x1b[34m\u2500\u2500\u2500\u2500\u2500\u2500\u2500\u2500\u2500\u2500\u2500\u2500\u2500\u2500\u2500\u2500\u2500\u2500\u2500\u2500\u2500\u2500\u2500\u2500\u2500\u2500\u2500\u2500\u2500\u2500\u2500\u2500\u2500\u2500\u2500\u2500\u2500\u2500\u2500\u2500\u2500\u2500\x1b[0m\x1b[34m\u2500\u2510\x1b[0m \x1b[31m\u2502\x1b[0m\n\x1b[31m\u2502\x1b[0m \x1b[34m\u2502\x1b[0m         \x1b[3;33mdecision\x1b[0m\x1b[31m =\x1b[0m \x1b[1;35mRouteDecision\x1b[0m\x1b[1m(\x1b[0m                                                            \x1b[34m\u2502\x1b[0m \x1b[31m\u2502\x1b[0m\n\x1b[31m\u2502\x1b[0m \x1b[34m\u2502\x1b[0m                    \x1b[2;32m\u2502   \x1b[0m\x1b[33mbackend\x1b[0m=\x1b[1m<\x1b[0m\x1b[1;95mtests.conftest.RecordingBackend\x1b[0m\x1b[39m object at \x1b[0m                   \x1b[34m\u2502\x1b[0m \x1b[31m\u2502\x1b[0m\n\x1b[31m\u2502\x1b[0m \x1b[34m\u2502\x1b[0m                    \x1b[1;36m0x000001E787264EC0\x1b[0m\x1b[1m>\x1b[0m,                                                      \x1b[34m\u2502\x1b[0m \x1b[31m\u2502\x1b[0m\n\x1b[31m\u2502\x1b[0m \x1b[34m\u2502\x1b[0m                    \x1b[2;32m\u2502   \x1b[0m\x1b[33mbackend_name\x1b[0m=\x1b[32m'local'\x1b[0m,                                                 \x1b[34m\u2502\x1b[0m \x1b[31m\u2502\x1b[0m\n\x1b[31m\u2502\x1b[0m \x1b[34m\u2502\x1b[0m                    \x1b[2;32m\u2502   \x1b[0m\x1b[33mmodel\x1b[0m=\x1b[32m'm-local'\x1b[0m,                                                      \x1b[34m\u2502\x1b[0m \x1b[31m\u2502\x1b[0m\n\x1b[31m\u2502\x1b[0m \x1b[34m\u2502\x1b[0m                    \x1b[2;32m\u2502   \x1b[0m\x1b[33mreason\x1b[0m=\x1b[32m'repo override for user/cheap-repo'\x1b[0m                            \x1b[34m\u2502\x1b[0m \x1b[31m\u2502\x1b[0m\n\x1b[31m\u2502\x1b[0m \x1b[34m\u2502\x1b[0m                    \x1b[1m)\x1b[0m                                                                         \x1b[34m\u2502\x1b[0m \x1b[31m\u2502\x1b[0m\n\x1b[31m\u2502\x1b[0m \x1b[34m\u2502\x1b[0m \x1b[3;33mdecision_backend\x1b[0m\x1b[31m =\x1b[0m \x1b[32m'local'\x1b[0m                                                                   \x1b[34m\u2502\x1b[0m \x1b[31m\u2502\x1b[0m\n\x1b[31m\u2502\x1b[0m \x1b[34m\u2502\x1b[0m   \x1b[3;33mdecision_model\x1b[0m\x1b[31m =\x1b[0m \x1b[32m'm-local'\x1b[0m                                                                 \x1b[34m\u2502\x1b[0m \x1b[31m\u2502\x1b[0m\n\x1b[31m\u2502\x1b[0m \x1b[34m\u2502\x1b[0m                \x1b[3;33me\x1b[0m\x1b[31m =\x1b[0m \x1b[1;35mWorkspaceError\x1b[0m\x1b[1m(\x1b[0m\x1b[32m"git clone --depth 50 \x1b[0m                                     \x1b[34m\u2502\x1b[0m \x1b[31m\u2502\x1b[0m\n\x1b[31m\u2502\x1b[0m \x1b[34m\u2502\x1b[0m                    \x1b[32mhttps://github.com/user/cheap-repo.git \x1b[0m                                   \x1b[34m\u2502\x1b[0m \x1b[31m\u2502\x1b[0m\n\x1b[31m\u2502\x1b[0m \x1b[34m\u2502\x1b[0m                    \x1b[32mC:\\\\Users\\\\diete\\\\.local\\\\share\\\\maxwell-daemon\\\\workspaces\\\\cheap-repo\\\u2026\x1b[0m \x1b[34m\u2502\x1b[0m \x1b[31m\u2502\x1b[0m\n\x1b[31m\u2502\x1b[0m \x1b[34m\u2502\x1b[0m                    \x1b[32mfailed: Cloning into \x1b[0m                                                     \x1b[34m\u2502\x1b[0m \x1b[31m\u2502\x1b[0m\n\x1b[31m\u2502\x1b[0m \x1b[34m\u2502\x1b[0m                    \x1b[32m'C:\\\\Users\\\\diete\\\\.local\\\\share\\\\maxwell-daemon\\\\workspaces\\\\cheap-repo\u2026\x1b[0m \x1b[34m\u2502\x1b[0m \x1b[31m\u2502\x1b[0m\n\x1b[31m\u2502\x1b[0m \x1b[34m\u2502\x1b[0m                    \x1b[32mline 1: /dev/tty: No such device or address\\nerror: failed to execute \x1b[0m    \x1b[34m\u2502\x1b[0m \x1b[31m\u2502\x1b[0m\n\x1b[31m\u2502\x1b[0m \x1b[34m\u2502\x1b[0m                    \x1b[32mprompt script \x1b[0m\x1b[32m(\x1b[0m\x1b[32mexit code 1\x1b[0m\x1b[32m)\x1b[0m\x1b[32m\\nfatal: could not read Username for \x1b[0m          \x1b[34m\u2502\x1b[0m \x1b[31m\u2502\x1b[0m\n\x1b[31m\u2502\x1b[0m \x1b[34m\u2502\x1b[0m                    \x1b[32m'https://github.com': No such file or directory"\x1b[0m\x1b[1m)\x1b[0m                         \x1b[34m\u2502\x1b[0m \x1b[31m\u2502\x1b[0m\n\x1b[31m\u2502\x1b[0m \x1b[34m\u2502\x1b[0m   \x1b[3;33mprompt_content\x1b[0m\x1b[31m =\x1b[0m \x1b[32m'hello there'\x1b[0m                                                             \x1b[34m\u2502\x1b[0m \x1b[31m\u2502\x1b[0m\n\x1b[31m\u2502\x1b[0m \x1b[34m\u2502\x1b[0m             \x1b[3;33mself\x1b[0m\x1b[31m =\x1b[0m \x1b[1m<\x1b[0m\x1b[1;95mmaxwell_daemon.daemon.runner.Daemon\x1b[0m\x1b[39m object at \x1b[0m\x1b[1;36m0x000001E7867623C0\x1b[0m\x1b[1m>\x1b[0m        \x1b[34m\u2502\x1b[0m \x1b[31m\u2502\x1b[0m\n\x1b[31m\u2502\x1b[0m \x1b[34m\u2502\x1b[0m         \x1b[3;33msnapshot\x1b[0m\x1b[31m =\x1b[0m \x1b[1;35mConfigSnapshot\x1b[0m\x1b[1m(\x1b[0m                                                           \x1b[34m\u2502\x1b[0m \x1b[31m\u2502\x1b[0m\n\x1b[31m\u2502\x1b[0m \x1b[34m\u2502\x1b[0m                    \x1b[2;32m\u2502   \x1b[0m\x1b[33mconfig\x1b[0m=\x1b[1;35mMaxwellDaemonConfig\x1b[0m\x1b[1m(\x1b[0m                                           \x1b[34m\u2502\x1b[0m \x1b[31m\u2502\x1b[0m\n\x1b[31m\u2502\x1b[0m \x1b[34m\u2502\x1b[0m                    \x1b[2;32m\u2502   \u2502   \x1b[0m\x1b[33mversion\x1b[0m=\x1b[32m'1'\x1b[0m,                                                      \x1b[34m\u2502\x1b[0m \x1b[31m\u2502\x1b[0m\n\x1b[31m\u2502\x1b[0m \x1b[34m\u2502\x1b[0m                    \x1b[2;32m\u2502   \u2502   \x1b[0m\x1b[33mrole\x1b[0m=\x1b[32m'standalone'\x1b[0m,                                                \x1b[34m\u2502\x1b[0m \x1b[31m\u2502\x1b[0m\n\x1b[31m\u2502\x1b[0m \x1b[34m\u2502\x1b[0m                    \x1b[2;32m\u2502   \u2502   \x1b[0m\x1b[33mbackends\x1b[0m=\x1b[1m{\x1b[0m                                                        \x1b[34m\u2502\x1b[0m \x1b[31m\u2502\x1b[0m\n\x1b[31m\u2502\x1b[0m \x1b[34m\u2502\x1b[0m                    \x1b[2;32m\u2502   \u2502   \u2502   \x1b[0m\x1b[32m'primary'\x1b[0m: \x1b[1;35mBackendConfig\x1b[0m\x1b[1m(\x1b[0m                                     \x1b[34m\u2502\x1b[0m \x1b[31m\u2502\x1b[0m\n\x1b[31m\u2502\x1b[0m \x1b[34m\u2502\x1b[0m                    \x1b[2;32m\u2502   \u2502   \u2502   \u2502   \x1b[0m\x1b[33mtype\x1b[0m=\x1b[32m'recording'\x1b[0m,                                         \x1b[34m\u2502\x1b[0m \x1b[31m\u2502\x1b[0m\n\x1b[31m\u2502\x1b[0m \x1b[34m\u2502\x1b[0m                    \x1b[2;32m\u2502   \u2502   \u2502   \u2502   \x1b[0m\x1b[33mmodel\x1b[0m=\x1b[32m'm-primary'\x1b[0m,                                        \x1b[34m\u2502\x1b[0m \x1b[31m\u2502\x1b[0m\n\x1b[31m\u2502\x1b[0m \x1b[34m\u2502\x1b[0m                    \x1b[2;32m\u2502   \u2502   \u2502   \u2502   \x1b[0m\x1b[33mapi_key\x1b[0m=\x1b[3;35mNone\x1b[0m,                                             \x1b[34m\u2502\x1b[0m \x1b[31m\u2502\x1b[0m\n\x1b[31m\u2502\x1b[0m \x1b[34m\u2502\x1b[0m                    \x1b[2;32m\u2502   \u2502   \u2502   \u2502   \x1b[0m\x1b[33mapi_key_secret_ref\x1b[0m=\x1b[3;35mNone\x1b[0m,                                  \x1b[34m\u2502\x1b[0m \x1b[31m\u2502\x1b[0m\n\x1b[31m\u2502\x1b[0m \x1b[34m\u2502\x1b[0m                    \x1b[2;32m\u2502   \u2502   \u2502   \u2502   \x1b[0m\x1b[33mbase_url\x1b[0m=\x1b[3;35mNone\x1b[0m,                                            \x1b[34m\u2502\x1b[0m \x1b[31m\u2502\x1b[0m\n\x1b[31m\u2502\x1b[0m \x1b[34m\u2502\x1b[0m                    \x1b[2;32m\u2502   \u2502   \u2502   \u2502   \x1b[0m\x1b[33menabled\x1b[0m=\x1b[3;92mTrue\x1b[0m,                                             \x1b[34m\u2502\x1b[0m \x1b[31m\u2502\x1b[0m\n\x1b[31m\u2502\x1b[0m \x1b[34m\u2502\x1b[0m                    \x1b[2;32m\u2502   \u2502   \u2502   \u2502   \x1b[0m\x1b[33mtier_map\x1b[0m=\x1b[1m{\x1b[0m\x1b[1m}\x1b[0m,                                              \x1b[34m\u2502\x1b[0m \x1b[31m\u2502\x1b[0m\n\x1b[31m\u2502\x1b[0m \x1b[34m\u2502\x1b[0m                    \x1b[2;32m\u2502   \u2502   \u2502   \u2502   \x1b[0m\x1b[33mfallback_backend\x1b[0m=\x1b[3;35mNone\x1b[0m,                                    \x1b[34m\u2502\x1b[0m \x1b[31m\u2502\x1b[0m\n\x1b[31m\u2502\x1b[0m \x1b[34m\u2502\x1b[0m                    \x1b[2;32m\u2502   \u2502   \u2502   \u2502   \x1b[0m\x1b[33mfallback_threshold_percent\x1b[0m=\x1b[1;36m80\x1b[0m\x1b[1;36m.0\x1b[0m,                          \x1b[34m\u2502\x1b[0m \x1b[31m\u2502\x1b[0m\n\x1b[31m\u2502\x1b[0m \x1b[34m\u2502\x1b[0m                    \x1b[2;32m\u2502   \u2502   \u2502   \u2502   \x1b[0m\x1b[33mcost_per_million_input_tokens\x1b[0m=\x1b[3;35mNone\x1b[0m,                       \x1b[34m\u2502\x1b[0m \x1b[31m\u2502\x1b[0m\n\x1b[31m\u2502\x1b[0m \x1b[34m\u2502\x1b[0m                    \x1b[2;32m\u2502   \u2502   \u2502   \u2502   \x1b[0m\x1b[33mcost_per_million_output_tokens\x1b[0m=\x1b[3;35mNone\x1b[0m                       \x1b[34m\u2502\x1b[0m \x1b[31m\u2502\x1b[0m\n\x1b[31m\u2502\x1b[0m \x1b[34m\u2502\x1b[0m                    \x1b[2;32m\u2502   \u2502   \u2502   \x1b[0m\x1b[1m)\x1b[0m,                                                            \x1b[34m\u2502\x1b[0m \x1b[31m\u2502\x1b[0m\n\x1b[31m\u2502\x1b[0m \x1b[34m\u2502\x1b[0m                    \x1b[2;32m\u2502   \u2502   \u2502   \x1b[0m\x1b[32m'local'\x1b[0m: \x1b[1;35mBackendConfig\x1b[0m\x1b[1m(\x1b[0m                                       \x1b[34m\u2502\x1b[0m \x1b[31m\u2502\x1b[0m\n\x1b[31m\u2502\x1b[0m \x1b[34m\u2502\x1b[0m                    \x1b[2;32m\u2502   \u2502   \u2502   \u2502   \x1b[0m\x1b[33mtype\x1b[0m=\x1b[32m'recording'\x1b[0m,                                         \x1b[34m\u2502\x1b[0m \x1b[31m\u2502\x1b[0m\n\x1b[31m\u2502\x1b[0m \x1b[34m\u2502\x1b[0m                    \x1b[2;32m\u2502   \u2502   \u2502   \u2502   \x1b[0m\x1b[33mmodel\x1b[0m=\x1b[32m'm-local'\x1b[0m,                                          \x1b[34m\u2502\x1b[0m \x1b[31m\u2502\x1b[0m\n\x1b[31m\u2502\x1b[0m \x1b[34m\u2502\x1b[0m                    \x1b[2;32m\u2502   \u2502   \u2502   \u2502   \x1b[0m\x1b[33mapi_key\x1b[0m=\x1b[3;35mNone\x1b[0m,                                             \x1b[34m\u2502\x1b[0m \x1b[31m\u2502\x1b[0m\n\x1b[31m\u2502\x1b[0m \x1b[34m\u2502\x1b[0m                    \x1b[2;32m\u2502   \u2502   \u2502   \u2502   \x1b[0m\x1b[33mapi_key_secret_ref\x1b[0m=\x1b[3;35mNone\x1b[0m,                                  \x1b[34m\u2502\x1b[0m \x1b[31m\u2502\x1b[0m\n\x1b[31m\u2502\x1b[0m \x1b[34m\u2502\x1b[0m                    \x1b[2;32m\u2502   \u2502   \u2502   \u2502   \x1b[0m\x1b[33mbase_url\x1b[0m=\x1b[3;35mNone\x1b[0m,                                            \x1b[34m\u2502\x1b[0m \x1b[31m\u2502\x1b[0m\n\x1b[31m\u2502\x1b[0m \x1b[34m\u2502\x1b[0m                    \x1b[2;32m\u2502   \u2502   \u2502   \u2502   \x1b[0m\x1b[33menabled\x1b[0m=\x1b[3;92mTrue\x1b[0m,                                             \x1b[34m\u2502\x1b[0m \x1b[31m\u2502\x1b[0m\n\x1b[31m\u2502\x1b[0m \x1b[34m\u2502\x1b[0m                    \x1b[2;32m\u2502   \u2502   \u2502   \u2502   \x1b[0m\x1b[33mtier_map\x1b[0m=\x1b[1m{\x1b[0m\x1b[1m}\x1b[0m,                                              \x1b[34m\u2502\x1b[0m \x1b[31m\u2502\x1b[0m\n\x1b[31m\u2502\x1b[0m \x1b[34m\u2502\x1b[0m                    \x1b[2;32m\u2502   \u2502   \u2502   \u2502   \x1b[0m\x1b[33mfallback_backend\x1b[0m=\x1b[3;35mNone\x1b[0m,                                    \x1b[34m\u2502\x1b[0m \x1b[31m\u2502\x1b[0m\n\x1b[31m\u2502\x1b[0m \x1b[34m\u2502\x1b[0m                    \x1b[2;32m\u2502   \u2502   \u2502   \u2502   \x1b[0m\x1b[33mfallback_threshold_percent\x1b[0m=\x1b[1;36m80\x1b[0m\x1b[1;36m.0\x1b[0m,                          \x1b[34m\u2502\x1b[0m \x1b[31m\u2502\x1b[0m\n\x1b[31m\u2502\x1b[0m \x1b[34m\u2502\x1b[0m                    \x1b[2;32m\u2502   \u2502   \u2502   \u2502   \x1b[0m\x1b[33mcost_per_million_input_tokens\x1b[0m=\x1b[3;35mNone\x1b[0m,                       \x1b[34m\u2502\x1b[0m \x1b[31m\u2502\x1b[0m\n\x1b[31m\u2502\x1b[0m \x1b[34m\u2502\x1b[0m                    \x1b[2;32m\u2502   \u2502   \u2502   \u2502   \x1b[0m\x1b[33mcost_per_million_output_tokens\x1b[0m=\x1b[3;35mNone\x1b[0m                       \x1b[34m\u2502\x1b[0m \x1b[31m\u2502\x1b[0m\n\x1b[31m\u2502\x1b[0m \x1b[34m\u2502\x1b[0m                    \x1b[2;32m\u2502   \u2502   \u2502   \x1b[0m\x1b[1m)\x1b[0m                                                             \x1b[34m\u2502\x1b[0m \x1b[31m\u2502\x1b[0m\n\x1b[31m\u2502\x1b[0m \x1b[34m\u2502\x1b[0m                    \x1b[2;32m\u2502   \u2502   \x1b[0m\x1b[1m}\x1b[0m,                                                                \x1b[34m\u2502\x1b[0m \x1b[31m\u2502\x1b[0m\n\x1b[31m\u2502\x1b[0m \x1b[34m\u2502\x1b[0m                    \x1b[2;32m\u2502   \u2502   \x1b[0m\x1b[33magent\x1b[0m=\x1b[1;35mAgentConfig\x1b[0m\x1b[1m(\x1b[0m                                                \x1b[34m\u2502\x1b[0m \x1b[31m\u2502\x1b[0m\n\x1b[31m\u2502\x1b[0m \x1b[34m\u2502\x1b[0m                    \x1b[2;32m\u2502   \u2502   \u2502   \x1b[0m\x1b[33mmax_turns\x1b[0m=\x1b[1;36m200\x1b[0m,                                                \x1b[34m\u2502\x1b[0m \x1b[31m\u2502\x1b[0m\n\x1b[31m\u2502\x1b[0m \x1b[34m\u2502\x1b[0m                    \x1b[2;32m\u2502   \u2502   \u2502   \x1b[0m\x1b[33mdiscovery_interval_seconds\x1b[0m=\x1b[1;36m300\x1b[0m,                               \x1b[34m\u2502\x1b[0m \x1b[31m\u2502\x1b[0m\n\x1b[31m\u2502\x1b[0m \x1b[34m\u2502\x1b[0m                    \x1b[2;32m\u2502   \u2502   \u2502   \x1b[0m\x1b[33mdelivery_interval_seconds\x1b[0m=\x1b[1;36m60\x1b[0m,                                 \x1b[34m\u2502\x1b[0m \x1b[31m\u2502\x1b[0m\n\x1b[31m\u2502\x1b[0m \x1b[34m\u2502\x1b[0m                    \x1b[2;32m\u2502   \u2502   \u2502   \x1b[0m\x1b[33mtask_retention_days\x1b[0m=\x1b[1;36m30\x1b[0m,                                       \x1b[34m\u2502\x1b[0m \x1b[31m\u2502\x1b[0m\n\x1b[31m\u2502\x1b[0m \x1b[34m\u2502\x1b[0m                    \x1b[2;32m\u2502   \u2502   \u2502   \x1b[0m\x1b[33mtask_prune_interval_seconds\x1b[0m=\x1b[1;36m86400\x1b[0m,                            \x1b[34m\u2502\x1b[0m \x1b[31m\u2502\x1b[0m\n\x1b[31m\u2502\x1b[0m \x1b[34m\u2502\x1b[0m                    \x1b[2;32m\u2502   \u2502   \u2502   \x1b[0m\x1b[33mlive_retention_seconds\x1b[0m=\x1b[1;36m600\x1b[0m,                                   \x1b[34m\u2502\x1b[0m \x1b[31m\u2502\x1b[0m\n\x1b[31m\u2502\x1b[0m \x1b[34m\u2502\x1b[0m                    \x1b[2;32m\u2502   \u2502   \u2502   \x1b[0m\x1b[33mreasoning_effort\x1b[0m=\x1b[32m'medium'\x1b[0m,                                    \x1b[34m\u2502\x1b[0m \x1b[31m\u2502\x1b[0m\n\x1b[31m\u2502\x1b[0m \x1b[34m\u2502\x1b[0m                    \x1b[2;32m\u2502   \u2502   \u2502   \x1b[0m\x1b[33mtemperature\x1b[0m=\x1b[1;36m1\x1b[0m\x1b[1;36m.0\x1b[0m,                                              \x1b[34m\u2502\x1b[0m \x1b[31m\u2502\x1b[0m\n\x1b[31m\u2502\x1b[0m \x1b[34m\u2502\x1b[0m                    \x1b[2;32m\u2502   \u2502   \u2502   \x1b[0m\x1b[33mdefault_backend\x1b[0m=\x1b[32m'primary'\x1b[0m,                                    \x1b[34m\u2502\x1b[0m \x1b[31m\u2502\x1b[0m\n\x1b[31m\u2502\x1b[0m \x1b[34m\u2502\x1b[0m                    \x1b[2;32m\u2502   \u2502   \u2502   \x1b[0m\x1b[33mmax_queue_depth\x1b[0m=\x1b[1;36m1000\x1b[0m,                                         \x1b[34m\u2502\x1b[0m \x1b[31m\u2502\x1b[0m\n\x1b[31m\u2502\x1b[0m \x1b[34m\u2502\x1b[0m                    \x1b[2;32m\u2502   \u2502   \u2502   \x1b[0m\x1b[33mtask_live_retention_seconds\x1b[0m=\x1b[1;36m600\x1b[0m                               \x1b[34m\u2502\x1b[0m \x1b[31m\u2502\x1b[0m\n\x1b[31m\u2502\x1b[0m \x1b[34m\u2502\x1b[0m                    \x1b[2;32m\u2502   \u2502   \x1b[0m\x1b[1m)\x1b[0m,                                                                \x1b[34m\u2502\x1b[0m \x1b[31m\u2502\x1b[0m\n\x1b[31m\u2502\x1b[0m \x1b[34m\u2502\x1b[0m                    \x1b[2;32m\u2502   \u2502   \x1b[0m\x1b[33mmemory\x1b[0m=\x1b[1;35mMemoryConfig\x1b[0m\x1b[1m(\x1b[0m                                              \x1b[34m\u2502\x1b[0m \x1b[31m\u2502\x1b[0m\n\x1b[31m\u2502\x1b[0m \x1b[34m\u2502\x1b[0m                    \x1b[2;32m\u2502   \u2502   \u2502   \x1b[0m                                                              \x1b[34m\u2502\x1b[0m \x1b[31m\u2502\x1b[0m\n\x1b[31m\u2502\x1b[0m \x1b[34m\u2502\x1b[0m                    \x1b[33mworkspace_path\x1b[0m=\x1b[1;35mWindowsPath\x1b[0m\x1b[1m(\x1b[0m\x1b[32m'C:/Users/diete/.local/share/maxwell-daemon'\x1b[0m\x1b[1m)\x1b[0m, \x1b[34m\u2502\x1b[0m \x1b[31m\u2502\x1b[0m\n\x1b[31m\u2502\x1b[0m \x1b[34m\u2502\x1b[0m                    \x1b[2;32m\u2502   \u2502   \u2502   \x1b[0m\x1b[33mdream_interval_seconds\x1b[0m=\x1b[1;36m0\x1b[0m                                      \x1b[34m\u2502\x1b[0m \x1b[31m\u2502\x1b[0m\n\x1b[31m\u2502\x1b[0m \x1b[34m\u2502\x1b[0m                    \x1b[2;32m\u2502   \u2502   \x1b[0m\x1b[1m)\x1b[0m,                                                                \x1b[34m\u2502\x1b[0m \x1b[31m\u2502\x1b[0m\n\x1b[31m\u2502\x1b[0m \x1b[34m\u2502\x1b[0m                    \x1b[2;32m\u2502   \u2502   \x1b[0m\x1b[33mtools\x1b[0m=\x1b[1;35mToolConfig\x1b[0m\x1b[1m(\x1b[0m\x1b[33mapproval_tier\x1b[0m=\x1b[32m'full-auto'\x1b[0m\x1b[1m)\x1b[0m,                      \x1b[34m\u2502\x1b[0m \x1b[31m\u2502\x1b[0m\n\x1b[31m\u2502\x1b[0m \x1b[34m\u2502\x1b[0m                    \x1b[2;32m\u2502   \u2502   \x1b[0m\x1b[33mrepos\x1b[0m=\x1b[1m[\x1b[0m                                                           \x1b[34m\u2502\x1b[0m \x1b[31m\u2502\x1b[0m\n\x1b[31m\u2502\x1b[0m \x1b[34m\u2502\x1b[0m                    \x1b[2;32m\u2502   \u2502   \u2502   \x1b[0m\x1b[1;35mRepoConfig\x1b[0m\x1b[1m(\x1b[0m                                                   \x1b[34m\u2502\x1b[0m \x1b[31m\u2502\x1b[0m\n\x1b[31m\u2502\x1b[0m \x1b[34m\u2502\x1b[0m                    \x1b[2;32m\u2502   \u2502   \u2502   \u2502   \x1b[0m\x1b[33mname\x1b[0m=\x1b[32m'user/cheap-repo'\x1b[0m,                                   \x1b[34m\u2502\x1b[0m \x1b[31m\u2502\x1b[0m\n\x1b[31m\u2502\x1b[0m \x1b[34m\u2502\x1b[0m                    \x1b[2;32m\u2502   \u2502   \u2502   \u2502   \x1b[0m                                                          \x1b[34m\u2502\x1b[0m \x1b[31m\u2502\x1b[0m\n\x1b[31m\u2502\x1b[0m \x1b[34m\u2502\x1b[0m                    \x1b[33mpath\x1b[0m=\x1b[1;35mWindowsPath\x1b[0m\x1b[1m(\x1b[0m\x1b[32m'C:/Users/diete/AppData/Local/Temp/pytest-of-diete/pyte\u2026\x1b[0m \x1b[34m\u2502\x1b[0m \x1b[31m\u2502\x1b[0m\n\x1b[31m\u2502\x1b[0m \x1b[34m\u2502\x1b[0m                    \x1b[2;32m\u2502   \u2502   \u2502   \u2502   \x1b[0m\x1b[33mslots\x1b[0m=\x1b[1;36m2\x1b[0m,                                                  \x1b[34m\u2502\x1b[0m \x1b[31m\u2502\x1b[0m\n\x1b[31m\u2502\x1b[0m \x1b[34m\u2502\x1b[0m                    \x1b[2;32m\u2502   \u2502   \u2502   \u2502   \x1b[0m\x1b[33mbackend\x1b[0m=\x1b[32m'local'\x1b[0m,                                          \x1b[34m\u2502\x1b[0m \x1b[31m\u2502\x1b[0m\n\x1b[31m\u2502\x1b[0m \x1b[34m\u2502\x1b[0m                    \x1b[2;32m\u2502   \u2502   \u2502   \u2502   \x1b[0m\x1b[33mmodel\x1b[0m=\x1b[3;35mNone\x1b[0m,                                               \x1b[34m\u2502\x1b[0m \x1b[31m\u2502\x1b[0m\n\x1b[31m\u2502\x1b[0m \x1b[34m\u2502\x1b[0m                    \x1b[2;32m\u2502   \u2502   \u2502   \u2502   \x1b[0m\x1b[33mtags\x1b[0m=\x1b[1m[\x1b[0m\x1b[1m]\x1b[0m,                                                  \x1b[34m\u2502\x1b[0m \x1b[31m\u2502\x1b[0m\n\x1b[31m\u2502\x1b[0m \x1b[34m\u2502\x1b[0m                    \x1b[2;32m\u2502   \u2502   \u2502   \u2502   \x1b[0m\x1b[33mtest_command\x1b[0m=\x1b[3;35mNone\x1b[0m,                                        \x1b[34m\u2502\x1b[0m \x1b[31m\u2502\x1b[0m\n\x1b[31m\u2502\x1b[0m \x1b[34m\u2502\x1b[0m                    \x1b[2;32m\u2502   \u2502   \u2502   \u2502   \x1b[0m\x1b[33mcontext_max_chars\x1b[0m=\x1b[3;35mNone\x1b[0m,                                   \x1b[34m\u2502\x1b[0m \x1b[31m\u2502\x1b[0m\n\x1b[31m\u2502\x1b[0m \x1b[34m\u2502\x1b[0m                    \x1b[2;32m\u2502   \u2502   \u2502   \u2502   \x1b[0m\x1b[33mmax_test_retries\x1b[0m=\x1b[3;35mNone\x1b[0m,                                    \x1b[34m\u2502\x1b[0m \x1b[31m\u2502\x1b[0m\n\x1b[31m\u2502\x1b[0m \x1b[34m\u2502\x1b[0m                    \x1b[2;32m\u2502   \u2502   \u2502   \u2502   \x1b[0m\x1b[33mmax_diff_retries\x1b[0m=\x1b[3;35mNone\x1b[0m,                                    \x1b[34m\u2502\x1b[0m \x1b[31m\u2502\x1b[0m\n\x1b[31m\u2502\x1b[0m \x1b[34m\u2502\x1b[0m                    \x1b[2;32m\u2502   \u2502   \u2502   \u2502   \x1b[0m\x1b[33msystem_prompt_prefix\x1b[0m=\x1b[3;35mNone\x1b[0m,                                \x1b[34m\u2502\x1b[0m \x1b[31m\u2502\x1b[0m\n\x1b[31m\u2502\x1b[0m \x1b[34m\u2502\x1b[0m                    \x1b[2;32m\u2502   \u2502   \u2502   \u2502   \x1b[0m\x1b[33msystem_prompt_file\x1b[0m=\x1b[3;35mNone\x1b[0m                                   \x1b[34m\u2502\x1b[0m \x1b[31m\u2502\x1b[0m\n\x1b[31m\u2502\x1b[0m \x1b[34m\u2502\x1b[0m                    \x1b[2;32m\u2502   \u2502   \u2502   \x1b[0m\x1b[1m)\x1b[0m                                                             \x1b[34m\u2502\x1b[0m \x1b[31m\u2502\x1b[0m\n\x1b[31m\u2502\x1b[0m \x1b[34m\u2502\x1b[0m                    \x1b[2;32m\u2502   \u2502   \x1b[0m\x1b[1m]\x1b[0m,                                                                \x1b[34m\u2502\x1b[0m \x1b[31m\u2502\x1b[0m\n\x1b[31m\u2502\x1b[0m \x1b[34m\u2502\x1b[0m                    \x1b[2;32m\u2502   \u2502   \x1b[0m\x1b[33mfleet\x1b[0m=\x1b[1;35mFleetConfig\x1b[0m\x1b[1m(\x1b[0m                                                \x1b[34m\u2502\x1b[0m \x1b[31m\u2502\x1b[0m\n\x1b[31m\u2502\x1b[0m \x1b[34m\u2502\x1b[0m                    \x1b[2;32m\u2502   \u2502   \u2502   \x1b[0m\x1b[33mmachines\x1b[0m=\x1b[1m[\x1b[0m\x1b[1m]\x1b[0m,                                                  \x1b[34m\u2502\x1b[0m \x1b[31m\u2502\x1b[0m\n\x1b[31m\u2502\x1b[0m \x1b[34m\u2502\x1b[0m                    \x1b[2;32m\u2502   \u2502   \u2502   \x1b[0m\x1b[33mdiscovery_method\x1b[0m=\x1b[32m'manual'\x1b[0m,                                    \x1b[34m\u2502\x1b[0m \x1b[31m\u2502\x1b[0m\n\x1b[31m\u2502\x1b[0m \x1b[34m\u2502\x1b[0m                    \x1b[2;32m\u2502   \u2502   \u2502   \x1b[0m\x1b[33mheartbeat_seconds\x1b[0m=\x1b[1;36m30\x1b[0m,                                         \x1b[34m\u2502\x1b[0m \x1b[31m\u2502\x1b[0m\n\x1b[31m\u2502\x1b[0m \x1b[34m\u2502\x1b[0m                    \x1b[2;32m\u2502   \u2502   \u2502   \x1b[0m\x1b[33mcoordinator_poll_seconds\x1b[0m=\x1b[1;36m30\x1b[0m,                                  \x1b[34m\u2502\x1b[0m \x1b[31m\u2502\x1b[0m\n\x1b[31m\u2502\x1b[0m \x1b[34m\u2502\x1b[0m                    \x1b[2;32m\u2502   \u2502   \u2502   \x1b[0m\x1b[33mcoordinator_url\x1b[0m=\x1b[3;35mNone\x1b[0m                                          \x1b[34m\u2502\x1b[0m \x1b[31m\u2502\x1b[0m\n\x1b[31m\u2502\x1b[0m \x1b[34m\u2502\x1b[0m                    \x1b[2;32m\u2502   \u2502   \x1b[0m\x1b[1m)\x1b[0m,                                                                \x1b[34m\u2502\x1b[0m \x1b[31m\u2502\x1b[0m\n\x1b[31m\u2502\x1b[0m \x1b[34m\u2502\x1b[0m                    \x1b[2;32m\u2502   \u2502   \x1b[0m\x1b[33mapi\x1b[0m=\x1b[1;35mAPIConfig\x1b[0m\x1b[1m(\x1b[0m                                                    \x1b[34m\u2502\x1b[0m \x1b[31m\u2502\x1b[0m\n\x1b[31m\u2502\x1b[0m \x1b[34m\u2502\x1b[0m                    \x1b[2;32m\u2502   \u2502   \u2502   \x1b[0m\x1b[33menabled\x1b[0m=\x1b[3;92mTrue\x1b[0m,                                                 \x1b[34m\u2502\x1b[0m \x1b[31m\u2502\x1b[0m\n\x1b[31m\u2502\x1b[0m \x1b[34m\u2502\x1b[0m                    \x1b[2;32m\u2502   \u2502   \u2502   \x1b[0m\x1b[33mhost\x1b[0m=\x1b[32m'127.0.0.1'\x1b[0m,                                             \x1b[34m\u2502\x1b[0m \x1b[31m\u2502\x1b[0m\n\x1b[31m\u2502\x1b[0m \x1b[34m\u2502\x1b[0m                    \x1b[2;32m\u2502   \u2502   \u2502   \x1b[0m\x1b[33mport\x1b[0m=\x1b[1;36m8080\x1b[0m,                                                    \x1b[34m\u2502\x1b[0m \x1b[31m\u2502\x1b[0m\n\x1b[31m\u2502\x1b[0m \x1b[34m\u2502\x1b[0m                    \x1b[2;32m\u2502   \u2502   \u2502   \x1b[0m\x1b[33mauth_token\x1b[0m=\x1b[3;35mNone\x1b[0m,                                              \x1b[34m\u2502\x1b[0m \x1b[31m\u2502\x1b[0m\n\x1b[31m\u2502\x1b[0m \x1b[34m\u2502\x1b[0m                    \x1b[2;32m\u2502   \u2502   \u2502   \x1b[0m\x1b[33mtls_cert\x1b[0m=\x1b[3;35mNone\x1b[0m,                                                \x1b[34m\u2502\x1b[0m \x1b[31m\u2502\x1b[0m\n\x1b[31m\u2502\x1b[0m \x1b[34m\u2502\x1b[0m                    \x1b[2;32m\u2502   \u2502   \u2502   \x1b[0m\x1b[33mtls_key\x1b[0m=\x1b[3;35mNone\x1b[0m,                                                 \x1b[34m\u2502\x1b[0m \x1b[31m\u2502\x1b[0m\n\x1b[31m\u2502\x1b[0m \x1b[34m\u2502\x1b[0m                    \x1b[2;32m\u2502   \u2502   \u2502   \x1b[0m\x1b[33mjwt_secret\x1b[0m=\x1b[3;35mNone\x1b[0m,                                              \x1b[34m\u2502\x1b[0m \x1b[31m\u2502\x1b[0m\n\x1b[31m\u2502\x1b[0m \x1b[34m\u2502\x1b[0m                    \x1b[2;32m\u2502   \u2502   \u2502   \x1b[0m\x1b[33mjwt_expiry_seconds\x1b[0m=\x1b[1;36m3600\x1b[0m,                                      \x1b[34m\u2502\x1b[0m \x1b[31m\u2502\x1b[0m\n\x1b[31m\u2502\x1b[0m \x1b[34m\u2502\x1b[0m                    \x1b[2;32m\u2502   \u2502   \u2502   \x1b[0m\x1b[33mrate_limit_default\x1b[0m=\x1b[3;35mNone\x1b[0m,                                      \x1b[34m\u2502\x1b[0m \x1b[31m\u2502\x1b[0m\n\x1b[31m\u2502\x1b[0m \x1b[34m\u2502\x1b[0m                    \x1b[2;32m\u2502   \u2502   \u2502   \x1b[0m\x1b[33mrate_limit_groups\x1b[0m=\x1b[1m{\x1b[0m\x1b[1m}\x1b[0m                                          \x1b[34m\u2502\x1b[0m \x1b[31m\u2502\x1b[0m\n\x1b[31m\u2502\x1b[0m \x1b[34m\u2502\x1b[0m                    \x1b[2;32m\u2502   \u2502   \x1b[0m\x1b[1m)\x1b[0m,                                                                \x1b[34m\u2502\x1b[0m \x1b[31m\u2502\x1b[0m\n\x1b[31m\u2502\x1b[0m \x1b[34m\u2502\x1b[0m                    \x1b[2;32m\u2502   \u2502   \x1b[0m\x1b[33mbudget\x1b[0m=\x1b[1;35mBudgetConfig\x1b[0m\x1b[1m(\x1b[0m                                              \x1b[34m\u2502\x1b[0m \x1b[31m\u2502\x1b[0m\n\x1b[31m\u2502\x1b[0m \x1b[34m\u2502\x1b[0m                    \x1b[2;32m\u2502   \u2502   \u2502   \x1b[0m\x1b[33mmonthly_limit_usd\x1b[0m=\x1b[1;36m100\x1b[0m\x1b[1;36m.0\x1b[0m,                                      \x1b[34m\u2502\x1b[0m \x1b[31m\u2502\x1b[0m\n\x1b[31m\u2502\x1b[0m \x1b[34m\u2502\x1b[0m                    \x1b[2;32m\u2502   \u2502   \u2502   \x1b[0m\x1b[33malert_thresholds\x1b[0m=\x1b[1m[\x1b[0m\x1b[1;36m0.75\x1b[0m, \x1b[1;36m0.9\x1b[0m, \x1b[1;36m1.0\x1b[0m\x1b[1m]\x1b[0m,                            \x1b[34m\u2502\x1b[0m \x1b[31m\u2502\x1b[0m\n\x1b[31m\u2502\x1b[0m \x1b[34m\u2502\x1b[0m                    \x1b[2;32m\u2502   \u2502   \u2502   \x1b[0m\x1b[33mhard_stop\x1b[0m=\x1b[3;91mFalse\x1b[0m,                                              \x1b[34m\u2502\x1b[0m \x1b[31m\u2502\x1b[0m\n\x1b[31m\u2502\x1b[0m \x1b[34m\u2502\x1b[0m                    \x1b[2;32m\u2502   \u2502   \u2502   \x1b[0m\x1b[33malert_webhook_url\x1b[0m=\x1b[3;35mNone\x1b[0m,                                       \x1b[34m\u2502\x1b[0m \x1b[31m\u2502\x1b[0m\n\x1b[31m\u2502\x1b[0m \x1b[34m\u2502\x1b[0m                    \x1b[2;32m\u2502   \u2502   \u2502   \x1b[0m\x1b[33malert_warn_multiplier\x1b[0m=\x1b[1;36m1\x1b[0m\x1b[1;36m.1\x1b[0m,                                    \x1b[34m\u2502\x1b[0m \x1b[31m\u2502\x1b[0m\n\x1b[31m\u2502\x1b[0m \x1b[34m\u2502\x1b[0m                    \x1b[2;32m\u2502   \u2502   \u2502   \x1b[0m\x1b[33malert_debounce_hours\x1b[0m=\x1b[1;36m6\x1b[0m,                                       \x1b[34m\u2502\x1b[0m \x1b[31m\u2502\x1b[0m\n\x1b[31m\u2502\x1b[0m \x1b[34m\u2502\x1b[0m                    \x1b[2;32m\u2502   \u2502   \u2502   \x1b[0m\x1b[33mper_task_limit_usd\x1b[0m=\x1b[3;35mNone\x1b[0m                                       \x1b[34m\u2502\x1b[0m \x1b[31m\u2502\x1b[0m\n\x1b[31m\u2502\x1b[0m \x1b[34m\u2502\x1b[0m                    \x1b[2;32m\u2502   \u2502   \x1b[0m\x1b[1m)\x1b[0m,                                                                \x1b[34m\u2502\x1b[0m \x1b[31m\u2502\x1b[0m\n\x1b[31m\u2502\x1b[0m \x1b[34m\u2502\x1b[0m                    \x1b[2;32m\u2502   \u2502   \x1b[0m\x1b[33mgithub\x1b[0m=\x1b[1;35mGithubConfig\x1b[0m\x1b[1m(\x1b[0m                                              \x1b[34m\u2502\x1b[0m \x1b[31m\u2502\x1b[0m\n\x1b[31m\u2502\x1b[0m \x1b[34m\u2502\x1b[0m                    \x1b[2;32m\u2502   \u2502   \u2502   \x1b[0m\x1b[33mwebhook_secret\x1b[0m=\x1b[3;35mNone\x1b[0m,                                          \x1b[34m\u2502\x1b[0m \x1b[31m\u2502\x1b[0m\n\x1b[31m\u2502\x1b[0m \x1b[34m\u2502\x1b[0m                    \x1b[2;32m\u2502   \u2502   \u2502   \x1b[0m\x1b[33mallowed_repos\x1b[0m=\x1b[1m[\x1b[0m\x1b[1m]\x1b[0m,                                             \x1b[34m\u2502\x1b[0m \x1b[31m\u2502\x1b[0m\n\x1b[31m\u2502\x1b[0m \x1b[34m\u2502\x1b[0m                    \x1b[2;32m\u2502   \u2502   \u2502   \x1b[0m\x1b[33mroutes\x1b[0m=\x1b[1m[\x1b[0m\x1b[1m]\x1b[0m                                                     \x1b[34m\u2502\x1b[0m \x1b[31m\u2502\x1b[0m\n\x1b[31m\u2502\x1b[0m \x1b[34m\u2502\x1b[0m                    \x1b[2;32m\u2502   \u2502   \x1b[0m\x1b[1m)\x1b[0m,                                                                \x1b[34m\u2502\x1b[0m \x1b[31m\u2502\x1b[0m\n\x1b[31m\u2502\x1b[0m \x1b[34m\u2502\x1b[0m                    \x1b[2;32m\u2502   \u2502   \x1b[0m\x1b[33mmcp_servers\x1b[0m=\x1b[1m{\x1b[0m\x1b[1m}\x1b[0m,                                                   \x1b[34m\u2502\x1b[0m \x1b[31m\u2502\x1b[0m\n\x1b[31m\u2502\x1b[0m \x1b[34m\u2502\x1b[0m                    \x1b[2;32m\u2502   \u2502   \x1b[0m\x1b[33mlog_file\x1b[0m=\x1b[3;35mNone\x1b[0m                                                     \x1b[34m\u2502\x1b[0m \x1b[31m\u2502\x1b[0m\n\x1b[31m\u2502\x1b[0m \x1b[34m\u2502\x1b[0m                    \x1b[2;32m\u2502   \x1b[0m\x1b[1m)\x1b[0m,                                                                    \x1b[34m\u2502\x1b[0m \x1b[31m\u2502\x1b[0m\n\x1b[31m\u2502\x1b[0m \x1b[34m\u2502\x1b[0m                    \x1b[2;32m\u2502   \x1b[0m\x1b[33mrouter\x1b[0m=\x1b[1m<\x1b[0m\x1b[1;95mmaxwell_daemon.core.router.BackendRouter\x1b[0m\x1b[39m object at \x1b[0m           \x1b[34m\u2502\x1b[0m \x1b[31m\u2502\x1b[0m\n\x1b[31m\u2502\x1b[0m \x1b[34m\u2502\x1b[0m                    \x1b[1;36m0x000001E78716AA50\x1b[0m\x1b[39m>,\x1b[0m                                                      \x1b[34m\u2502\x1b[0m \x1b[31m\u2502\x1b[0m\n\x1b[31m\u2502\x1b[0m \x1b[34m\u2502\x1b[0m                    \x1b[2;32m\u2502   \x1b[0m\x1b[33mbudget\x1b[0m\x1b[39m=<maxwell_daemon.core.budget.BudgetEnforcer object at \x1b[0m          \x1b[34m\u2502\x1b[0m \x1b[31m\u2502\x1b[0m\n\x1b[31m\u2502\x1b[0m \x1b[34m\u2502\x1b[0m                    \x1b[1;36m0x000001E78716AF90\x1b[0m\x1b[39m>,\x1b[0m                                                      \x1b[34m\u2502\x1b[0m \x1b[31m\u2502\x1b[0m\n\x1b[31m\u2502\x1b[0m \x1b[34m\u2502\x1b[0m                    \x1b[2;32m\u2502   \x1b[0m\x1b[33mledger\x1b[0m\x1b[39m=<maxwell_daemon.core.ledger.CostLedger object at \x1b[0m              \x1b[34m\u2502\x1b[0m \x1b[31m\u2502\x1b[0m\n\x1b[31m\u2502\x1b[0m \x1b[34m\u2502\x1b[0m                    \x1b[1;36m0x000001E78716ACF0\x1b[0m\x1b[1m>\x1b[0m                                                       \x1b[34m\u2502\x1b[0m \x1b[31m\u2502\x1b[0m\n\x1b[31m\u2502\x1b[0m \x1b[34m\u2502\x1b[0m                    \x1b[1m)\x1b[0m                                                                         \x1b[34m\u2502\x1b[0m \x1b[31m\u2502\x1b[0m\n\x1b[31m\u2502\x1b[0m \x1b[34m\u2502\x1b[0m             \x1b[3;33mtask\x1b[0m\x1b[31m =\x1b[0m \x1b[1;35mTask\x1b[0m\x1b[1m(\x1b[0m                                                                     \x1b[34m\u2502\x1b[0m \x1b[31m\u2502\x1b[0m\n\x1b[31m\u2502\x1b[0m \x1b[34m\u2502\x1b[0m                    \x1b[2;32m\u2502   \x1b[0m\x1b[33mid\x1b[0m=\x1b[32m'714894b15218'\x1b[0m,                                                    \x1b[34m\u2502\x1b[0m \x1b[31m\u2502\x1b[0m\n\x1b[31m\u2502\x1b[0m \x1b[34m\u2502\x1b[0m                    \x1b[2;32m\u2502   \x1b[0m\x1b[33mprompt\x1b[0m=\x1b[32m'hello there'\x1b[0m,                                                 \x1b[34m\u2502\x1b[0m \x1b[31m\u2502\x1b[0m\n\x1b[31m\u2502\x1b[0m \x1b[34m\u2502\x1b[0m                    \x1b[2;32m\u2502   \x1b[0m\x1b[33mkind\x1b[0m=\x1b[1m<\x1b[0m\x1b[1;95mTaskKind.PROMPT:\x1b[0m\x1b[39m \x1b[0m\x1b[32m'prompt'\x1b[0m\x1b[39m>,\x1b[0m                                     \x1b[34m\u2502\x1b[0m \x1b[31m\u2502\x1b[0m\n\x1b[31m\u2502\x1b[0m \x1b[34m\u2502\x1b[0m                    \x1b[2;32m\u2502   \x1b[0m\x1b[33mrepo\x1b[0m\x1b[39m=\x1b[0m\x1b[32m'user/cheap-repo'\x1b[0m\x1b[39m,\x1b[0m                                               \x1b[34m\u2502\x1b[0m \x1b[31m\u2502\x1b[0m\n\x1b[31m\u2502\x1b[0m \x1b[34m\u2502\x1b[0m                    \x1b[2;32m\u2502   \x1b[0m\x1b[33mbackend\x1b[0m\x1b[39m=\x1b[0m\x1b[32m'local'\x1b[0m\x1b[39m,\x1b[0m                                                      \x1b[34m\u2502\x1b[0m \x1b[31m\u2502\x1b[0m\n\x1b[31m\u2502\x1b[0m \x1b[34m\u2502\x1b[0m                    \x1b[2;32m\u2502   \x1b[0m\x1b[33mmodel\x1b[0m\x1b[39m=\x1b[0m\x1b[32m'm-local'\x1b[0m\x1b[39m,\x1b[0m                                                      \x1b[34m\u2502\x1b[0m \x1b[31m\u2502\x1b[0m\n\x1b[31m\u2502\x1b[0m \x1b[34m\u2502\x1b[0m                    \x1b[2;32m\u2502   \x1b[0m\x1b[33mroute_reason\x1b[0m\x1b[39m=\x1b[0m\x1b[32m'repo override for user/cheap-repo'\x1b[0m\x1b[39m,\x1b[0m                     \x1b[34m\u2502\x1b[0m \x1b[31m\u2502\x1b[0m\n\x1b[31m\u2502\x1b[0m \x1b[34m\u2502\x1b[0m                    \x1b[2;32m\u2502   \x1b[0m\x1b[33missue_repo\x1b[0m\x1b[39m=\x1b[0m\x1b[3;35mNone\x1b[0m\x1b[39m,\x1b[0m                                                      \x1b[34m\u2502\x1b[0m \x1b[31m\u2502\x1b[0m\n\x1b[31m\u2502\x1b[0m \x1b[34m\u2502\x1b[0m                    \x1b[2;32m\u2502   \x1b[0m\x1b[33missue_number\x1b[0m\x1b[39m=\x1b[0m\x1b[3;35mNone\x1b[0m\x1b[39m,\x1b[0m                                                    \x1b[34m\u2502\x1b[0m \x1b[31m\u2502\x1b[0m\n\x1b[31m\u2502\x1b[0m \x1b[34m\u2502\x1b[0m                    \x1b[2;32m\u2502   \x1b[0m\x1b[33missue_mode\x1b[0m\x1b[39m=\x1b[0m\x1b[3;35mNone\x1b[0m\x1b[39m,\x1b[0m                                                      \x1b[34m\u2502\x1b[0m \x1b[31m\u2502\x1b[0m\n\x1b[31m\u2502\x1b[0m \x1b[34m\u2502\x1b[0m                    \x1b[2;32m\u2502   \x1b[0m\x1b[33mab_group\x1b[0m\x1b[39m=\x1b[0m\x1b[3;35mNone\x1b[0m\x1b[39m,\x1b[0m                                                        \x1b[34m\u2502\x1b[0m \x1b[31m\u2502\x1b[0m\n\x1b[31m\u2502\x1b[0m \x1b[34m\u2502\x1b[0m                    \x1b[2;32m\u2502   \x1b[0m\x1b[33mdepends_on\x1b[0m\x1b[39m=\x1b[0m\x1b[1;39m[\x1b[0m\x1b[1;39m]\x1b[0m\x1b[39m,\x1b[0m                                                        \x1b[34m\u2502\x1b[0m \x1b[31m\u2502\x1b[0m\n\x1b[31m\u2502\x1b[0m \x1b[34m\u2502\x1b[0m                    \x1b[2;32m\u2502   \x1b[0m\x1b[33mpriority\x1b[0m\x1b[39m=\x1b[0m\x1b[1;36m100\x1b[0m\x1b[39m,\x1b[0m                                                         \x1b[34m\u2502\x1b[0m \x1b[31m\u2502\x1b[0m\n\x1b[31m\u2502\x1b[0m \x1b[34m\u2502\x1b[0m                    \x1b[2;32m\u2502   \x1b[0m\x1b[33mstatus\x1b[0m\x1b[39m=<TaskStatus.RUNNING: \x1b[0m\x1b[32m'running'\x1b[0m\x1b[1m>\x1b[0m,                               \x1b[34m\u2502\x1b[0m \x1b[31m\u2502\x1b[0m\n\x1b[31m\u2502\x1b[0m \x1b[34m\u2502\x1b[0m                    \x1b[2;32m\u2502   \x1b[0m\x1b[33mresult\x1b[0m=\x1b[3;35mNone\x1b[0m,                                                          \x1b[34m\u2502\x1b[0m \x1b[31m\u2502\x1b[0m\n\x1b[31m\u2502\x1b[0m \x1b[34m\u2502\x1b[0m                    \x1b[2;32m\u2502   \x1b[0m\x1b[33merror\x1b[0m=\x1b[3;35mNone\x1b[0m,                                                           \x1b[34m\u2502\x1b[0m \x1b[31m\u2502\x1b[0m\n\x1b[31m\u2502\x1b[0m \x1b[34m\u2502\x1b[0m                    \x1b[2;32m\u2502   \x1b[0m\x1b[33mwaived_by\x1b[0m=\x1b[3;35mNone\x1b[0m,                                                       \x1b[34m\u2502\x1b[0m \x1b[31m\u2502\x1b[0m\n\x1b[31m\u2502\x1b[0m \x1b[34m\u2502\x1b[0m                    \x1b[2;32m\u2502   \x1b[0m\x1b[33mwaiver_reason\x1b[0m=\x1b[3;35mNone\x1b[0m,                                                   \x1b[34m\u2502\x1b[0m \x1b[31m\u2502\x1b[0m\n\x1b[31m\u2502\x1b[0m \x1b[34m\u2502\x1b[0m                    \x1b[2;32m\u2502   \x1b[0m\x1b[33mwaived_at\x1b[0m=\x1b[3;35mNone\x1b[0m,                                                       \x1b[34m\u2502\x1b[0m \x1b[31m\u2502\x1b[0m\n\x1b[31m\u2502\x1b[0m \x1b[34m\u2502\x1b[0m                    \x1b[2;32m\u2502   \x1b[0m\x1b[33mcost_usd\x1b[0m=\x1b[1;36m0\x1b[0m\x1b[1;36m.0\x1b[0m,                                                         \x1b[34m\u2502\x1b[0m \x1b[31m\u2502\x1b[0m\n\x1b[31m\u2502\x1b[0m \x1b[34m\u2502\x1b[0m                    \x1b[2;32m\u2502   \x1b[0m\x1b[33mpr_url\x1b[0m=\x1b[3;35mNone\x1b[0m,                                                          \x1b[34m\u2502\x1b[0m \x1b[31m\u2502\x1b[0m\n\x1b[31m\u2502\x1b[0m \x1b[34m\u2502\x1b[0m                    \x1b[2;32m\u2502   \x1b[0m\x1b[33mcreated_at\x1b[0m=\x1b[1;35mdatetime\x1b[0m\x1b[1;35m.datetime\x1b[0m\x1b[1m(\x1b[0m\x1b[1;36m2026\x1b[0m, \x1b[1;36m4\x1b[0m, \x1b[1;36m25\x1b[0m, \x1b[1;36m0\x1b[0m, \x1b[1;36m36\x1b[0m, \x1b[1;36m39\x1b[0m, \x1b[1;36m653102\x1b[0m,          \x1b[34m\u2502\x1b[0m \x1b[31m\u2502\x1b[0m\n\x1b[31m\u2502\x1b[0m \x1b[34m\u2502\x1b[0m                    \x1b[33mtzinfo\x1b[0m=\x1b[35mdatetime\x1b[0m.timezone.utc\x1b[1m)\x1b[0m,                                            \x1b[34m\u2502\x1b[0m \x1b[31m\u2502\x1b[0m\n\x1b[31m\u2502\x1b[0m \x1b[34m\u2502\x1b[0m                    \x1b[2;32m\u2502   \x1b[0m\x1b[33mstarted_at\x1b[0m=\x1b[1;35mdatetime\x1b[0m\x1b[1;35m.datetime\x1b[0m\x1b[1m(\x1b[0m\x1b[1;36m2026\x1b[0m, \x1b[1;36m4\x1b[0m, \x1b[1;36m25\x1b[0m, \x1b[1;36m0\x1b[0m, \x1b[1;36m36\x1b[0m, \x1b[1;36m39\x1b[0m, \x1b[1;36m681389\x1b[0m,          \x1b[34m\u2502\x1b[0m \x1b[31m\u2502\x1b[0m\n\x1b[31m\u2502\x1b[0m \x1b[34m\u2502\x1b[0m                    \x1b[33mtzinfo\x1b[0m=\x1b[35mdatetime\x1b[0m.timezone.utc\x1b[1m)\x1b[0m,                                            \x1b[34m\u2502\x1b[0m \x1b[31m\u2502\x1b[0m\n\x1b[31m\u2502\x1b[0m \x1b[34m\u2502\x1b[0m                    \x1b[2;32m\u2502   \x1b[0m\x1b[33mfinished_at\x1b[0m=\x1b[3;35mNone\x1b[0m,                                                     \x1b[34m\u2502\x1b[0m \x1b[31m\u2502\x1b[0m\n\x1b[31m\u2502\x1b[0m \x1b[34m\u2502\x1b[0m                    \x1b[2;32m\u2502   \x1b[0m\x1b[33mdispatched_to\x1b[0m=\x1b[3;35mNone\x1b[0m                                                    \x1b[34m\u2502\x1b[0m \x1b[31m\u2502\x1b[0m\n\x1b[31m\u2502\x1b[0m \x1b[34m\u2502\x1b[0m                    \x1b[1m)\x1b[0m                                                                         \x1b[34m\u2502\x1b[0m \x1b[31m\u2502\x1b[0m\n\x1b[31m\u2502\x1b[0m \x1b[34m\u2502\x1b[0m               \x1b[3;33mws\x1b[0m\x1b[31m =\x1b[0m \x1b[1m<\x1b[0m\x1b[1;95mmaxwell_daemon.gh.workspace.Workspace\x1b[0m\x1b[39m object at \x1b[0m\x1b[1;36m0x000001E78757A270\x1b[0m\x1b[1m>\x1b[0m      \x1b[34m\u2502\x1b[0m \x1b[31m\u2502\x1b[0m\n\x1b[31m\u2502\x1b[0m \x1b[34m\u2514\u2500\u2500\u2500\u2500\u2500\u2500\u2500\u2500\u2500\u2500\u2500\u2500\u2500\u2500\u2500\u2500\u2500\u2500\u2500\u2500\u2500\u2500\u2500\u2500\u2500\u2500\u2500\u2500\u2500\u2500\u2500\u2500\u2500\u2500\u2500\u2500\u2500\u2500\u2500\u2500\u2500\u2500\u2500\u2500\u2500\u2500\u2500\u2500\u2500\u2500\u2500\u2500\u2500\u2500\u2500\u2500\u2500\u2500\u2500\u2500\u2500\u2500\u2500\u2500\u2500\u2500\u2500\u2500\u2500\u2500\u2500\u2500\u2500\u2500\u2500\u2500\u2500\u2500\u2500\u2500\u2500\u2500\u2500\u2500\u2500\u2500\u2500\u2500\u2500\u2500\u2500\u2500\u2500\u2500\u2518\x1b[0m \x1b[31m\u2502\x1b[0m\n\x1b[31m\u2502\x1b[0m                                                                                                  \x1b[31m\u2502\x1b[0m\n\x1b[31m\u2502\x1b[0m C:\\Users\\diete\\Repositories\\Maxwell-Daemon\\maxwell_daemon\\gh\\workspace.py:109 in ensure_clone    \x1b[31m\u2502\x1b[0m\n\x1b[31m\u2502\x1b[0m                                                                                                  \x1b[31m\u2502\x1b[0m\n\x1b[31m\u2502\x1b[0m   \x1b[2m106 \x1b[0m\x1b[2m\u2502   \u2502   \x1b[0m                                                                                   \x1b[31m\u2502\x1b[0m\n\x1b[31m\u2502\x1b[0m   \x1b[2m107 \x1b[0m\x1b[2m\u2502   \u2502   \x1b[0mtarget.parent.mkdir(parents=\x1b[94mTrue\x1b[0m, exist_ok=\x1b[94mTrue\x1b[0m)                                   \x1b[31m\u2502\x1b[0m\n\x1b[31m\u2502\x1b[0m   \x1b[2m108 \x1b[0m\x1b[2m\u2502   \u2502   \x1b[0murl = \x1b[33mf\x1b[0m\x1b[33m"\x1b[0m\x1b[33mhttps://github.com/\x1b[0m\x1b[33m{\x1b[0mrepo\x1b[33m}\x1b[0m\x1b[33m.git\x1b[0m\x1b[33m"\x1b[0m                                             \x1b[31m\u2502\x1b[0m\n\x1b[31m\u2502\x1b[0m \x1b[31m> \x1b[0m109 \x1b[2m\u2502   \u2502   \x1b[0m\x1b[1;4;94mawait\x1b[0m\x1b[1;4m \x1b[0m\x1b[1;4;96mself\x1b[0m\x1b[1;4m._run_git(\x1b[0m\x1b[1;4;33m"\x1b[0m\x1b[1;4;33mclone\x1b[0m\x1b[1;4;33m"\x1b[0m\x1b[1;4m, \x1b[0m\x1b[1;4;33m"\x1b[0m\x1b[1;4;33m--depth\x1b[0m\x1b[1;4;33m"\x1b[0m\x1b[1;4m, \x1b[0m\x1b[1;4;96mstr\x1b[0m\x1b[1;4m(depth), url, \x1b[0m\x1b[1;4;96mstr\x1b[0m\x1b[1;4m(target))\x1b[0m              \x1b[31m\u2502\x1b[0m\n\x1b[31m\u2502\x1b[0m   \x1b[2m110 \x1b[0m\x1b[2m\u2502   \u2502   \x1b[0m\x1b[94mreturn\x1b[0m target                                                                      \x1b[31m\u2502\x1b[0m\n\x1b[31m\u2502\x1b[0m   \x1b[2m111 \x1b[0m\x1b[2m\u2502   \x1b[0m                                                                                       \x1b[31m\u2502\x1b[0m\n\x1b[31m\u2502\x1b[0m   \x1b[2m112 \x1b[0m\x1b[2m\u2502   \x1b[0m\x1b[94masync\x1b[0m \x1b[94mdef\x1b[0m\x1b[90m \x1b[0m\x1b[92m_branch_exists_on_remote\x1b[0m(\x1b[96mself\x1b[0m, branch: \x1b[96mstr\x1b[0m, *, cwd: Path) -> \x1b[96mbool\x1b[0m:           \x1b[31m\u2502\x1b[0m\n\x1b[31m\u2502\x1b[0m                                                                                                  \x1b[31m\u2502\x1b[0m\n\x1b[31m\u2502\x1b[0m \x1b[34m\u250c\u2500\x1b[0m\x1b[34m\u2500\u2500\u2500\u2500\u2500\u2500\u2500\u2500\u2500\u2500\u2500\u2500\u2500\u2500\u2500\u2500\u2500\u2500\u2500\u2500\u2500\u2500\u2500\u2500\u2500\u2500\u2500\u2500\u2500\u2500\u2500\u2500\u2500\u2500\u2500\u2500\u2500\u2500\u2500\u2500\u2500\u2500\x1b[0m\x1b[34m locals \x1b[0m\x1b[34m\u2500\u2500\u2500\u2500\u2500\u2500\u2500\u2500\u2500\u2500\u2500\u2500\u2500\u2500\u2500\u2500\u2500\u2500\u2500\u2500\u2500\u2500\u2500\u2500\u2500\u2500\u2500\u2500\u2500\u2500\u2500\u2500\u2500\u2500\u2500\u2500\u2500\u2500\u2500\u2500\u2500\u2500\x1b[0m\x1b[34m\u2500\u2510\x1b[0m \x1b[31m\u2502\x1b[0m\n\x1b[31m\u2502\x1b[0m \x1b[34m\u2502\x1b[0m   \x1b[3;33mdepth\x1b[0m\x1b[31m =\x1b[0m \x1b[1;36m50\x1b[0m                                                                                 \x1b[34m\u2502\x1b[0m \x1b[31m\u2502\x1b[0m\n\x1b[31m\u2502\x1b[0m \x1b[34m\u2502\x1b[0m    \x1b[3;33mrepo\x1b[0m\x1b[31m =\x1b[0m \x1b[32m'user/cheap-repo'\x1b[0m                                                                  \x1b[34m\u2502\x1b[0m \x1b[31m\u2502\x1b[0m\n\x1b[31m\u2502\x1b[0m \x1b[34m\u2502\x1b[0m    \x1b[3;33mself\x1b[0m\x1b[31m =\x1b[0m \x1b[1m<\x1b[0m\x1b[1;95mmaxwell_daemon.gh.workspace.Workspace\x1b[0m\x1b[39m object at \x1b[0m\x1b[1;36m0x000001E78757A270\x1b[0m\x1b[1m>\x1b[0m               \x1b[34m\u2502\x1b[0m \x1b[31m\u2502\x1b[0m\n\x1b[31m\u2502\x1b[0m \x1b[34m\u2502\x1b[0m  \x1b[3;33mtarget\x1b[0m\x1b[31m =\x1b[0m \x1b[1;35mWindowsPath\x1b[0m\x1b[1m(\x1b[0m\x1b[32m'C:/Users/diete/.local/share/maxwell-daemon/workspaces/cheap-repo/714\u2026\x1b[0m \x1b[34m\u2502\x1b[0m \x1b[31m\u2502\x1b[0m\n\x1b[31m\u2502\x1b[0m \x1b[34m\u2502\x1b[0m \x1b[3;33mtask_id\x1b[0m\x1b[31m =\x1b[0m \x1b[32m'714894b15218'\x1b[0m                                                                     \x1b[34m\u2502\x1b[0m \x1b[31m\u2502\x1b[0m\n\x1b[31m\u2502\x1b[0m \x1b[34m\u2502\x1b[0m     \x1b[3;33murl\x1b[0m\x1b[31m =\x1b[0m \x1b[32m'https://github.com/user/cheap-repo.git'\x1b[0m                                           \x1b[34m\u2502\x1b[0m \x1b[31m\u2502\x1b[0m\n\x1b[31m\u2502\x1b[0m \x1b[34m\u2514\u2500\u2500\u2500\u2500\u2500\u2500\u2500\u2500\u2500\u2500\u2500\u2500\u2500\u2500\u2500\u2500\u2500\u2500\u2500\u2500\u2500\u2500\u2500\u2500\u2500\u2500\u2500\u2500\u2500\u2500\u2500\u2500\u2500\u2500\u2500\u2500\u2500\u2500\u2500\u2500\u2500\u2500\u2500\u2500\u2500\u2500\u2500\u2500\u2500\u2500\u2500\u2500\u2500\u2500\u2500\u2500\u2500\u2500\u2500\u2500\u2500\u2500\u2500\u2500\u2500\u2500\u2500\u2500\u2500\u2500\u2500\u2500\u2500\u2500\u2500\u2500\u2500\u2500\u2500\u2500\u2500\u2500\u2500\u2500\u2500\u2500\u2500\u2500\u2500\u2500\u2500\u2500\u2500\u2500\u2518\x1b[0m \x1b[31m\u2502\x1b[0m\n\x1b[31m\u2502\x1b[0m                                                                                                  \x1b[31m\u2502\x1b[0m\n\x1b[31m\u2502\x1b[0m C:\\Users\\diete\\Repositories\\Maxwell-Daemon\\maxwell_daemon\\gh\\workspace.py:96 in _run_git         \x1b[31m\u2502\x1b[0m\n\x1b[31m\u2502\x1b[0m                                                                                                  \x1b[31m\u2502\x1b[0m\n\x1b[31m\u2502\x1b[0m   \x1b[2m 93 \x1b[0m\x1b[2m\u2502   \x1b[0m) -> \x1b[94mNone\x1b[0m:                                                                             \x1b[31m\u2502\x1b[0m\n\x1b[31m\u2502\x1b[0m   \x1b[2m 94 \x1b[0m\x1b[2m\u2502   \u2502   \x1b[0mrc, _, err = \x1b[94mawait\x1b[0m \x1b[96mself\x1b[0m._run(\x1b[33m"\x1b[0m\x1b[33mgit\x1b[0m\x1b[33m"\x1b[0m, *argv, cwd=\x1b[96mstr\x1b[0m(cwd) \x1b[94mif\x1b[0m cwd \x1b[94melse\x1b[0m \x1b[94mNone\x1b[0m, stdin=   \x1b[31m\u2502\x1b[0m\n\x1b[31m\u2502\x1b[0m   \x1b[2m 95 \x1b[0m\x1b[2m\u2502   \u2502   \x1b[0m\x1b[94mif\x1b[0m rc != \x1b[94m0\x1b[0m:                                                                        \x1b[31m\u2502\x1b[0m\n\x1b[31m\u2502\x1b[0m \x1b[31m> \x1b[0m 96 \x1b[2m\u2502   \u2502   \u2502   \x1b[0m\x1b[1;4;94mraise\x1b[0m\x1b[1;4m WorkspaceError(\x1b[0m                                                          \x1b[31m\u2502\x1b[0m\n\x1b[31m\u2502\x1b[0m   \x1b[2m 97 \x1b[0m\x1b[2m\u2502   \u2502   \u2502   \u2502   \x1b[0m\x1b[1;4;33mf\x1b[0m\x1b[1;4;33m"\x1b[0m\x1b[1;4;33mgit \x1b[0m\x1b[1;4;33m{\x1b[0m\x1b[1;4;33m'\x1b[0m\x1b[1;4;33m \x1b[0m\x1b[1;4;33m'\x1b[0m\x1b[1;4m.join(argv)\x1b[0m\x1b[1;4;33m}\x1b[0m\x1b[1;4;33m failed: \x1b[0m\x1b[1;4;33m{\x1b[0m\x1b[1;4merr.decode(errors=\x1b[0m\x1b[1;4;33m'\x1b[0m\x1b[1;4;33mreplace\x1b[0m\x1b[1;4;33m'\x1b[0m\x1b[1;4m).strip()\x1b[0m\x1b[1;4;33m}\x1b[0m\x1b[1;4;33m"\x1b[0m     \x1b[31m\u2502\x1b[0m\n\x1b[31m\u2502\x1b[0m   \x1b[2m 98 \x1b[0m\x1b[2m\u2502   \u2502   \u2502   \x1b[0m\x1b[1;4m)\x1b[0m                                                                              \x1b[31m\u2502\x1b[0m\n\x1b[31m\u2502\x1b[0m   \x1b[2m 99 \x1b[0m                                                                                           \x1b[31m\u2502\x1b[0m\n\x1b[31m\u2502\x1b[0m                                                                                                  \x1b[31m\u2502\x1b[0m\n\x1b[31m\u2502\x1b[0m \x1b[34m\u250c\u2500\x1b[0m\x1b[34m\u2500\u2500\u2500\u2500\u2500\u2500\u2500\u2500\u2500\u2500\u2500\u2500\u2500\u2500\u2500\u2500\u2500\u2500\u2500\u2500\u2500\u2500\u2500\u2500\u2500\u2500\u2500\u2500\u2500\u2500\u2500\u2500\u2500\u2500\u2500\u2500\u2500\u2500\u2500\u2500\u2500\u2500\x1b[0m\x1b[34m locals \x1b[0m\x1b[34m\u2500\u2500\u2500\u2500\u2500\u2500\u2500\u2500\u2500\u2500\u2500\u2500\u2500\u2500\u2500\u2500\u2500\u2500\u2500\u2500\u2500\u2500\u2500\u2500\u2500\u2500\u2500\u2500\u2500\u2500\u2500\u2500\u2500\u2500\u2500\u2500\u2500\u2500\u2500\u2500\u2500\u2500\x1b[0m\x1b[34m\u2500\u2510\x1b[0m \x1b[31m\u2502\x1b[0m\n\x1b[31m\u2502\x1b[0m \x1b[34m\u2502\x1b[0m     \x1b[3;33m_\x1b[0m\x1b[31m =\x1b[0m \x1b[32mb''\x1b[0m                                                                                  \x1b[34m\u2502\x1b[0m \x1b[31m\u2502\x1b[0m\n\x1b[31m\u2502\x1b[0m \x1b[34m\u2502\x1b[0m  \x1b[3;33margv\x1b[0m\x1b[31m =\x1b[0m \x1b[1m(\x1b[0m                                                                                    \x1b[34m\u2502\x1b[0m \x1b[31m\u2502\x1b[0m\n\x1b[31m\u2502\x1b[0m \x1b[34m\u2502\x1b[0m         \x1b[2;32m\u2502   \x1b[0m\x1b[32m'clone'\x1b[0m,                                                                         \x1b[34m\u2502\x1b[0m \x1b[31m\u2502\x1b[0m\n\x1b[31m\u2502\x1b[0m \x1b[34m\u2502\x1b[0m         \x1b[2;32m\u2502   \x1b[0m\x1b[32m'--depth'\x1b[0m,                                                                       \x1b[34m\u2502\x1b[0m \x1b[31m\u2502\x1b[0m\n\x1b[31m\u2502\x1b[0m \x1b[34m\u2502\x1b[0m         \x1b[2;32m\u2502   \x1b[0m\x1b[32m'50'\x1b[0m,                                                                            \x1b[34m\u2502\x1b[0m \x1b[31m\u2502\x1b[0m\n\x1b[31m\u2502\x1b[0m \x1b[34m\u2502\x1b[0m         \x1b[2;32m\u2502   \x1b[0m\x1b[32m'https://github.com/user/cheap-repo.git'\x1b[0m,                                        \x1b[34m\u2502\x1b[0m \x1b[31m\u2502\x1b[0m\n\x1b[31m\u2502\x1b[0m \x1b[34m\u2502\x1b[0m         \x1b[2;32m\u2502   \x1b[0m                                                                                 \x1b[34m\u2502\x1b[0m \x1b[31m\u2502\x1b[0m\n\x1b[31m\u2502\x1b[0m \x1b[34m\u2502\x1b[0m         \x1b[32m'C:\\\\Users\\\\diete\\\\.local\\\\share\\\\maxwell-daemon\\\\workspaces\\\\cheap-repo\\\\714894b15\u2026\x1b[0m \x1b[34m\u2502\x1b[0m \x1b[31m\u2502\x1b[0m\n\x1b[31m\u2502\x1b[0m \x1b[34m\u2502\x1b[0m         \x1b[1m)\x1b[0m                                                                                    \x1b[34m\u2502\x1b[0m \x1b[31m\u2502\x1b[0m\n\x1b[31m\u2502\x1b[0m \x1b[34m\u2502\x1b[0m   \x1b[3;33mcwd\x1b[0m\x1b[31m =\x1b[0m \x1b[3;35mNone\x1b[0m                                                                                 \x1b[34m\u2502\x1b[0m \x1b[31m\u2502\x1b[0m\n\x1b[31m\u2502\x1b[0m \x1b[34m\u2502\x1b[0m   \x1b[3;33merr\x1b[0m\x1b[31m =\x1b[0m \x1b[32mb"Cloning into \x1b[0m                                                                      \x1b[34m\u2502\x1b[0m \x1b[31m\u2502\x1b[0m\n\x1b[31m\u2502\x1b[0m \x1b[34m\u2502\x1b[0m         \x1b[32m'C:\\\\Users\\\\diete\\\\.local\\\\share\\\\maxwell-daemon\\\\workspaces\\\\cheap-repo\\\\7"\x1b[0m+\x1b[1;36m202\x1b[0m     \x1b[34m\u2502\x1b[0m \x1b[31m\u2502\x1b[0m\n\x1b[31m\u2502\x1b[0m \x1b[34m\u2502\x1b[0m    \x1b[3;33mrc\x1b[0m\x1b[31m =\x1b[0m \x1b[1;36m128\x1b[0m                                                                                  \x1b[34m\u2502\x1b[0m \x1b[31m\u2502\x1b[0m\n\x1b[31m\u2502\x1b[0m \x1b[34m\u2502\x1b[0m  \x1b[3;33mself\x1b[0m\x1b[31m =\x1b[0m \x1b[1m<\x1b[0m\x1b[1;95mmaxwell_daemon.gh.workspace.Workspace\x1b[0m\x1b[39m object at \x1b[0m\x1b[1;36m0x000001E78757A270\x1b[0m\x1b[1m>\x1b[0m                 \x1b[34m\u2502\x1b[0m \x1b[31m\u2502\x1b[0m\n\x1b[31m\u2502\x1b[0m \x1b[34m\u2502\x1b[0m \x1b[3;33mstdin\x1b[0m\x1b[31m =\x1b[0m \x1b[3;35mNone\x1b[0m                                                                                 \x1b[34m\u2502\x1b[0m \x1b[31m\u2502\x1b[0m\n\x1b[31m\u2502\x1b[0m \x1b[34m\u2514\u2500\u2500\u2500\u2500\u2500\u2500\u2500\u2500\u2500\u2500\u2500\u2500\u2500\u2500\u2500\u2500\u2500\u2500\u2500\u2500\u2500\u2500\u2500\u2500\u2500\u2500\u2500\u2500\u2500\u2500\u2500\u2500\u2500\u2500\u2500\u2500\u2500\u2500\u2500\u2500\u2500\u2500\u2500\u2500\u2500\u2500\u2500\u2500\u2500\u2500\u2500\u2500\u2500\u2500\u2500\u2500\u2500\u2500\u2500\u2500\u2500\u2500\u2500\u2500\u2500\u2500\u2500\u2500\u2500\u2500\u2500\u2500\u2500\u2500\u2500\u2500\u2500\u2500\u2500\u2500\u2500\u2500\u2500\u2500\u2500\u2500\u2500\u2500\u2500\u2500\u2500\u2500\u2500\u2500\u2518\x1b[0m \x1b[31m\u2502\x1b[0m\n\x1b[31m\u2514\u2500\u2500\u2500\u2500\u2500\u2500\u2500\u2500\u2500\u2500\u2500\u2500\u2500\u2500\u2500\u2500\u2500\u2500\u2500\u2500\u2500\u2500\u2500\u2500\u2500\u2500\u2500\u2500\u2500\u2500\u2500\u2500\u2500\u2500\u2500\u2500\u2500\u2500\u2500\u2500\u2500\u2500\u2500\u2500\u2500\u2500\u2500\u2500\u2500\u2500\u2500\u2500\u2500\u2500\u2500\u2500\u2500\u2500\u2500\u2500\u2500\u2500\u2500\u2500\u2500\u2500\u2500\u2500\u2500\u2500\u2500\u2500\u2500\u2500\u2500\u2500\u2500\u2500\u2500\u2500\u2500\u2500\u2500\u2500\u2500\u2500\u2500\u2500\u2500\u2500\u2500\u2500\u2500\u2500\u2500\u2500\u2500\u2500\u2518\x1b[0m\n\x1b[1;91mWorkspaceError: \x1b[0mgit clone --depth \x1b[1;36m50\x1b[0m \x1b[4;94mhttps://github.com/user/cheap-repo.git\x1b[0m \nC:\\Users\\diete\\.local\\share\\maxwell-daemon\\workspaces\\cheap-repo\\714894b15218 failed: Cloning into \n\x1b[32m'C:\\Users\\diete\\.local\\share\\maxwell-daemon\\workspaces\\cheap-repo\\714894b15218'\x1b[0m\x1b[33m...\x1b[0m\nbash: line \x1b[1;36m1\x1b[0m: \x1b[35m/dev/\x1b[0m\x1b[95mtty\x1b[0m: No such device or address\nerror: failed to execute prompt script \x1b[1m(\x1b[0mexit code \x1b[1;36m1\x1b[0m\x1b[1m)\x1b[0m\nfatal: could not read Username for \x1b[32m'https://github.com'\x1b[0m: No such file or directory
=========================== short test summary info ===========================
FAILED tests/integration/test_end_to_end.py::TestEndToEnd::test_repo_override_routes_to_different_backend
============================== 1 failed in 5.33s ==============================
